---
source: tests/snapshots.rs
expression: output
---
success = true
stdout = '''
1
'''
stderr = ''

[stats]
bc_stmts = 13
bc_locals = 12
bc_blocks = 2
exec_calls = 4
exec_steps = 13

[stats.allocs]
Stack = 3
Heap = 1
