---
source: tests/snapshots.rs
expression: output
---
success = true
stdout = '''
2
'''
stderr = ''

[stats]
bc_stmts = 12
bc_locals = 12
bc_blocks = 2
exec_calls = 4
exec_steps = 12

[stats.allocs]
Stack = 2
Heap = 1
