---
source: tests/snapshots.rs
expression: output
---
success = true
stdout = '''
1
hello
'''
stderr = ''

[stats]
bc_stmts = 9
bc_locals = 9
bc_blocks = 1
exec_calls = 4
exec_steps = 9

[stats.allocs]
Stack = 1
