---
source: tests/snapshots.rs
expression: output
---
success = true
stdout = '''
52
'''
stderr = ''

[stats]
bc_stmts = 9
bc_locals = 13
bc_blocks = 2
exec_calls = 4
exec_steps = 9
