---
source: tests/snapshots.rs
expression: output
---
success = true
stdout = '''
alex
'''
stderr = ''

[stats]
bc_stmts = 8
bc_locals = 8
bc_blocks = 1
exec_calls = 2
exec_steps = 8

[stats.allocs]
Stack = 3
