---
source: tests/snapshots.rs
expression: output
---
success = true
stdout = '''
42!
'''
stderr = ''

[stats]
bc_stmts = 12
bc_locals = 18
bc_blocks = 3
exec_calls = 5
exec_steps = 12
