---
source: tests/snapshots.rs
expression: output
---
success = true
stdout = '''
hello alex
'''
stderr = ''

[stats]
bc_stmts = 9
bc_locals = 11
bc_blocks = 2
exec_calls = 3
exec_steps = 9
