---
source: tests/snapshots.rs
expression: output
---
success = true
stdout = '''
1
'''
stderr = ''

[stats]
bc_stmts = 5
bc_locals = 5
bc_blocks = 2
exec_calls = 4
exec_steps = 5
