---
source: tests/snapshots.rs
expression: output
---
success = true
stdout = '''
ab0
'''
stderr = ''

[stats]
bc_stmts = 6
bc_locals = 6
bc_blocks = 2
exec_calls = 1
exec_steps = 0
