---
source: tests/snapshots.rs
expression: output
---
success = true
stdout = '''
3
4
1
2
3
'''
stderr = ''
