---
source: tests/snapshots.rs
expression: output
---
success = true
stdout = '''
13
2
13
2
13
2
'''
stderr = ''

[stats]
bc_stmts = 32
bc_locals = 31
bc_blocks = 1
exec_calls = 13
exec_steps = 32

[stats.allocs]
Stack = 2
