---
source: tests/snapshots.rs
expression: output
---
success = true
stdout = '''
1
2
'''
stderr = ''

[stats]
bc_stmts = 17
bc_locals = 18
bc_blocks = 1
exec_calls = 5
exec_steps = 17

[stats.allocs]
Heap = 2
