---
source: tests/snapshots.rs
expression: output
---
success = true
stdout = '''
1
1
2
2
1
1
'''
stderr = ''

[stats]
bc_stmts = 45
bc_locals = 50
bc_blocks = 1
exec_calls = 13
exec_steps = 45

[stats.allocs]
Heap = 4
