---
source: tests/snapshots.rs
expression: output
---
success = true
stdout = '''
4
5
1
2
1
2
'''
stderr = ''

[stats]
bc_stmts = 45
bc_locals = 62
bc_blocks = 1
exec_calls = 13
exec_steps = 45

[stats.allocs]
Heap = 4
