---
source: tests/snapshots.rs
expression: output
---
success = true
stdout = '''
15
'''
stderr = ''

[stats]
bc_stmts = 28
bc_locals = 38
bc_blocks = 3
exec_calls = 5
exec_steps = 28
