---
source: tests/snapshots.rs
expression: output
---
success = true
stdout = '''
11
'''
stderr = ''
