---
source: tests/snapshots.rs
expression: output
---
success = true
stdout = '''
5
'''
stderr = ''

[stats]
bc_stmts = 8
bc_locals = 8
bc_blocks = 1
exec_calls = 3
exec_steps = 8

[stats.allocs]
Heap = 1
