---
source: tests/snapshots.rs
expression: output
---
success = true
stdout = ''
stderr = ''

[stats]
bc_stmts = 4
bc_locals = 6
bc_blocks = 1
exec_calls = 1
exec_steps = 4

[stats.allocs]
Heap = 1
