---
source: tests/snapshots.rs
expression: output
---
success = true
stdout = '''
5
'''
stderr = ''

[stats]
bc_stmts = 20
bc_locals = 17
bc_blocks = 9
exec_calls = 3
exec_steps = 55

[stats.allocs]
Heap = 3
