---
source: tests/snapshots.rs
expression: output
---
success = true
stdout = '''
a
b
c
b2
d
'''
stderr = ''

[stats]
bc_stmts = 17
bc_locals = 24
bc_blocks = 5
exec_calls = 6
exec_steps = 17

[stats.allocs]
Heap = 2
