---
source: tests/snapshots.rs
expression: output
---
success = true
stdout = '''
Hello
'''
stderr = ''

[stats]
bc_stmts = 6
bc_locals = 8
bc_blocks = 3
exec_calls = 2
exec_steps = 6

[stats.allocs]
Heap = 1
