---
source: tests/snapshots.rs
expression: output
---
success = true
stdout = '''
25
'''
stderr = ''

[stats]
bc_stmts = 15
bc_locals = 8
bc_blocks = 5
exec_calls = 3
exec_steps = 131
