---
source: tests/snapshots.rs
expression: output
---
success = true
stdout = '''
world
'''
stderr = ''

[stats]
bc_stmts = 14
bc_locals = 13
bc_blocks = 6
exec_calls = 2
exec_steps = 9

[stats.allocs]
Heap = 2
