---
source: tests/snapshots.rs
expression: output
---
success = true
stdout = '''
0
14
2
'''
stderr = ''

[stats]
bc_stmts = 22
bc_locals = 28
bc_blocks = 1
exec_calls = 7
exec_steps = 22

[stats.allocs]
Heap = 2
