---
source: tests/snapshots.rs
expression: output
---
success = true
stdout = ''
stderr = ''

[stats]
bc_stmts = 2
bc_locals = 2
bc_blocks = 1
exec_calls = 1
exec_steps = 2

[stats.allocs]
Heap = 1
