---
source: tests/snapshots.rs
expression: output
---
success = true
stdout = '''
1
2
3
'''
stderr = ''

[stats]
bc_stmts = 14
bc_locals = 14
bc_blocks = 1
exec_calls = 7
exec_steps = 14

[stats.allocs]
Stack = 1
