---
source: tests/snapshots.rs
expression: output
---
success = false
stdout = ''
stderr = '''
Error:   × array copy count must be non-negative, -1 is not
  │ 
  │ Caused by:
  │     out of range integral type conversion attempted

'''
