---
source: tests/snapshots.rs
expression: output
---
success = true
stdout = '''
5
7
3
7
'''
stderr = ''

[stats]
bc_stmts = 26
bc_locals = 25
bc_blocks = 1
exec_calls = 9
exec_steps = 26

[stats.allocs]
Stack = 5
