---
source: tests/snapshots.rs
expression: output
---
success = true
stdout = ''
stderr = ''

[stats]
bc_stmts = 5
bc_locals = 9
bc_blocks = 1
exec_calls = 1
exec_steps = 5

[stats.allocs]
Heap = 2
