---
source: tests/snapshots.rs
expression: output
---
success = true
stdout = '''
3
4
1
'''
stderr = ''

[stats]
bc_stmts = 26
bc_locals = 38
bc_blocks = 1
exec_calls = 7
exec_steps = 26

[stats.allocs]
Heap = 4
