---
source: tests/snapshots.rs
expression: output
---
success = true
stdout = '''
5
7
3
7
'''
stderr = ''

[stats]
bc_stmts = 35
bc_locals = 56
bc_blocks = 1
exec_calls = 9
exec_steps = 35

[stats.allocs]
Heap = 6
