---
source: tests/snapshots.rs
expression: output
---
success = true
stdout = '''
4
Test
'''
stderr = ''

[stats]
bc_stmts = 16
bc_locals = 25
bc_blocks = 1
exec_calls = 4
exec_steps = 16

[stats.allocs]
Heap = 3
